{
  "MetaArgs": null,
  "Stages": [
    {
      "Name": "",
      "BaseName": "fedora:latest",
      "SourceCode": "FROM fedora:latest",
      "Platform": "",
      "From": {
        "Image": "fedora:latest"
      },
      "Commands": [
        {
          "CmdLine": [
            "dnf repolist"
          ],
          "Name": "run",
          "PrependShell": true
        },
        {
          "CmdLine": [
            "dnf -y distro-sync"
          ],
          "Name": "run",
          "PrependShell": true
        },
        {
          "CmdLine": [
            "dnf -y install subversion"
          ],
          "Name": "run",
          "PrependShell": true
        },
        {
          "Chown": "",
          "Name": "add",
          "SourcesAndDest": [
            "https://nmap.org/dist/nmap-6.49BETA4-1.x86_64.rpm",
            "/tmp/"
          ]
        },
        {
          "CmdLine": [
            "dnf -y install /tmp/nmap-6.49BETA4-1.x86_64.rpm"
          ],
          "Name": "run",
          "PrependShell": true
        },
        {
          "CmdLine": [
            "rm /tmp/nmap-6.49BETA4-1.x86_64.rpm"
          ],
          "Name": "run",
          "PrependShell": true
        },
        {
          "CmdLine": [
            "dnf autoremove"
          ],
          "Name": "run",
          "PrependShell": true
        },
        {
          "CmdLine": [
            "dnf clean all"
          ],
          "Name": "run",
          "PrependShell": true
        },
        {
          "CmdLine": [
            "/usr/bin/nmap"
          ],
          "Name": "entrypoint",
          "PrependShell": false
        },
        {
          "CmdLine": [
            "-V"
          ],
          "Name": "cmd",
          "PrependShell": false
        }
      ]
    }
  ]
}